  Determining projects to restore...
  All projects are up-to-date for restore.
D:\Repos\balatro-save-load\V2\BalatroSaveToolkit\Services\Interfaces\IGameProcessService.cs(6,54): warning CS8625: Cannot convert null literal to non-nullable reference type. [D:\Repos\balatro-save-load\V2\BalatroSaveToolkit\BalatroSaveToolkit.csproj::TargetFramework=net9.0]
D:\Repos\balatro-save-load\V2\BalatroSaveToolkit\Services\Implementations\MockGameProcessService.cs(25,61): warning CS8625: Cannot convert null literal to non-nullable reference type. [D:\Repos\balatro-save-load\V2\BalatroSaveToolkit\BalatroSaveToolkit.csproj::TargetFramework=net9.0]
D:\Repos\balatro-save-load\V2\BalatroSaveToolkit\ViewModels\SaveViewerViewModel.cs(76,22): warning CS8611: Nullability of reference types in type of parameter 'value' doesn't match partial method declaration. [D:\Repos\balatro-save-load\V2\BalatroSaveToolkit\BalatroSaveToolkit.csproj::TargetFramework=net9.0]
CSC : error CS5001: Program does not contain a static 'Main' method suitable for an entry point [D:\Repos\balatro-save-load\V2\BalatroSaveToolkit\BalatroSaveToolkit.csproj::TargetFramework=net9.0]
D:\Repos\balatro-save-load\V2\BalatroSaveToolkit\ViewModels\SettingsViewModel.cs(55,16): warning CS8618: Non-nullable field '_gamePath' must contain a non-null value when exiting constructor. Consider adding the 'required' modifier or declaring the field as nullable. [D:\Repos\balatro-save-load\V2\BalatroSaveToolkit\BalatroSaveToolkit.csproj::TargetFramework=net9.0]
D:\Repos\balatro-save-load\V2\BalatroSaveToolkit\ViewModels\SettingsViewModel.cs(55,16): warning CS8618: Non-nullable field '_savesPath' must contain a non-null value when exiting constructor. Consider adding the 'required' modifier or declaring the field as nullable. [D:\Repos\balatro-save-load\V2\BalatroSaveToolkit\BalatroSaveToolkit.csproj::TargetFramework=net9.0]
D:\Repos\balatro-save-load\V2\BalatroSaveToolkit\ViewModels\SettingsViewModel.cs(55,16): warning CS8618: Non-nullable field '_backupPath' must contain a non-null value when exiting constructor. Consider adding the 'required' modifier or declaring the field as nullable. [D:\Repos\balatro-save-load\V2\BalatroSaveToolkit\BalatroSaveToolkit.csproj::TargetFramework=net9.0]
D:\Repos\balatro-save-load\V2\BalatroSaveToolkit\ViewModels\SettingsViewModel.cs(55,16): warning CS8618: Non-nullable field '_selectedLogLevel' must contain a non-null value when exiting constructor. Consider adding the 'required' modifier or declaring the field as nullable. [D:\Repos\balatro-save-load\V2\BalatroSaveToolkit\BalatroSaveToolkit.csproj::TargetFramework=net9.0]
D:\Repos\balatro-save-load\V2\BalatroSaveToolkit\Views\LogsPage.xaml.cs(19,17): warning CS4014: Because this call is not awaited, execution of the current method continues before the call is completed. Consider applying the 'await' operator to the result of the call. [D:\Repos\balatro-save-load\V2\BalatroSaveToolkit\BalatroSaveToolkit.csproj::TargetFramework=net9.0]
D:\Repos\balatro-save-load\V2\BalatroSaveToolkit\Services\Implementations\AppExceptionHandler.cs(24,33): error CS1061: 'Application' does not contain a definition for 'UnhandledException' and no accessible extension method 'UnhandledException' accepting a first argument of type 'Application' could be found (are you missing a using directive or an assembly reference?) [D:\Repos\balatro-save-load\V2\BalatroSaveToolkit\BalatroSaveToolkit.csproj::TargetFramework=net9.0]
D:\Repos\balatro-save-load\V2\BalatroSaveToolkit\Services\Implementations\AppExceptionHandler.cs(30,54): warning CS8622: Nullability of reference types in type of parameter 'sender' of 'void AppExceptionHandler.OnUnobservedTaskException(object sender, UnobservedTaskExceptionEventArgs e)' doesn't match the target delegate 'EventHandler<UnobservedTaskExceptionEventArgs>' (possibly because of nullability attributes). [D:\Repos\balatro-save-load\V2\BalatroSaveToolkit\BalatroSaveToolkit.csproj::TargetFramework=net9.0]
D:\Repos\balatro-save-load\V2\BalatroSaveToolkit\Services\Implementations\BasePathProvider.cs(49,43): warning CS1998: This async method lacks 'await' operators and will run synchronously. Consider using the 'await' operator to await non-blocking API calls, or 'await Task.Run(...)' to do CPU-bound work on a background thread. [D:\Repos\balatro-save-load\V2\BalatroSaveToolkit\BalatroSaveToolkit.csproj::TargetFramework=net9.0]
D:\Repos\balatro-save-load\V2\BalatroSaveToolkit\Services\Implementations\MockGameProcessService.cs(11,16): warning CS8618: Non-nullable event 'GameStatusChanged' must contain a non-null value when exiting constructor. Consider adding the 'required' modifier or declaring the event as nullable. [D:\Repos\balatro-save-load\V2\BalatroSaveToolkit\BalatroSaveToolkit.csproj::TargetFramework=net9.0]
D:\Repos\balatro-save-load\V2\BalatroSaveToolkit\Services\Implementations\Windows\WindowsPathProvider.cs(58,31): warning CS8600: Converting null literal or possible null value to non-nullable type. [D:\Repos\balatro-save-load\V2\BalatroSaveToolkit\BalatroSaveToolkit.csproj::TargetFramework=net9.0]
D:\Repos\balatro-save-load\V2\BalatroSaveToolkit\ViewModels\LogsViewModel.cs(93,13): warning CS4014: Because this call is not awaited, execution of the current method continues before the call is completed. Consider applying the 'await' operator to the result of the call. [D:\Repos\balatro-save-load\V2\BalatroSaveToolkit\BalatroSaveToolkit.csproj::TargetFramework=net9.0]
D:\Repos\balatro-save-load\V2\BalatroSaveToolkit\Services\Implementations\MockSettingsService.cs(29,40): warning CS1998: This async method lacks 'await' operators and will run synchronously. Consider using the 'await' operator to await non-blocking API calls, or 'await Task.Run(...)' to do CPU-bound work on a background thread. [D:\Repos\balatro-save-load\V2\BalatroSaveToolkit\BalatroSaveToolkit.csproj::TargetFramework=net9.0]
D:\Repos\balatro-save-load\V2\BalatroSaveToolkit\Services\Implementations\MacCatalyst\MacPathProvider.cs(66,31): warning CS8600: Converting null literal or possible null value to non-nullable type. [D:\Repos\balatro-save-load\V2\BalatroSaveToolkit\BalatroSaveToolkit.csproj::TargetFramework=net9.0]
D:\Repos\balatro-save-load\V2\BalatroSaveToolkit\Services\Implementations\MockSaveService.cs(39,35): warning CS1998: This async method lacks 'await' operators and will run synchronously. Consider using the 'await' operator to await non-blocking API calls, or 'await Task.Run(...)' to do CPU-bound work on a background thread. [D:\Repos\balatro-save-load\V2\BalatroSaveToolkit\BalatroSaveToolkit.csproj::TargetFramework=net9.0]
D:\Repos\balatro-save-load\V2\BalatroSaveToolkit\Services\Implementations\MockSaveService.cs(44,47): warning CS1998: This async method lacks 'await' operators and will run synchronously. Consider using the 'await' operator to await non-blocking API calls, or 'await Task.Run(...)' to do CPU-bound work on a background thread. [D:\Repos\balatro-save-load\V2\BalatroSaveToolkit\BalatroSaveToolkit.csproj::TargetFramework=net9.0]
D:\Repos\balatro-save-load\V2\BalatroSaveToolkit\Services\Implementations\MockSettingsService.cs(34,35): warning CS1998: This async method lacks 'await' operators and will run synchronously. Consider using the 'await' operator to await non-blocking API calls, or 'await Task.Run(...)' to do CPU-bound work on a background thread. [D:\Repos\balatro-save-load\V2\BalatroSaveToolkit\BalatroSaveToolkit.csproj::TargetFramework=net9.0]
D:\Repos\balatro-save-load\V2\BalatroSaveToolkit\Services\Implementations\Windows\WindowsFileService.cs(26,48): error CS0400: The type or namespace name 'Windows' could not be found in the global namespace (are you missing an assembly reference?) [D:\Repos\balatro-save-load\V2\BalatroSaveToolkit\BalatroSaveToolkit.csproj::TargetFramework=net9.0]
D:\Repos\balatro-save-load\V2\BalatroSaveToolkit\Services\Implementations\Windows\WindowsFileService.cs(27,63): error CS0400: The type or namespace name 'Windows' could not be found in the global namespace (are you missing an assembly reference?) [D:\Repos\balatro-save-load\V2\BalatroSaveToolkit\BalatroSaveToolkit.csproj::TargetFramework=net9.0]
D:\Repos\balatro-save-load\V2\BalatroSaveToolkit\Services\Implementations\Windows\WindowsFileService.cs(29,49): error CS0400: The type or namespace name 'Windows' could not be found in the global namespace (are you missing an assembly reference?) [D:\Repos\balatro-save-load\V2\BalatroSaveToolkit\BalatroSaveToolkit.csproj::TargetFramework=net9.0]
D:\Repos\balatro-save-load\V2\BalatroSaveToolkit\Services\Implementations\Windows\WindowsFileService.cs(33,17): error CS0103: The name 'WinRT' does not exist in the current context [D:\Repos\balatro-save-load\V2\BalatroSaveToolkit\BalatroSaveToolkit.csproj::TargetFramework=net9.0]
D:\Repos\balatro-save-load\V2\BalatroSaveToolkit\ViewModels\SaveViewerViewModel.cs(116,28): warning CS1998: This async method lacks 'await' operators and will run synchronously. Consider using the 'await' operator to await non-blocking API calls, or 'await Task.Run(...)' to do CPU-bound work on a background thread. [D:\Repos\balatro-save-load\V2\BalatroSaveToolkit\BalatroSaveToolkit.csproj::TargetFramework=net9.0]
D:\Repos\balatro-save-load\V2\BalatroSaveToolkit\Services\Implementations\MockSettingsService.cs(51,27): warning CS1998: This async method lacks 'await' operators and will run synchronously. Consider using the 'await' operator to await non-blocking API calls, or 'await Task.Run(...)' to do CPU-bound work on a background thread. [D:\Repos\balatro-save-load\V2\BalatroSaveToolkit\BalatroSaveToolkit.csproj::TargetFramework=net9.0]
D:\Repos\balatro-save-load\V2\BalatroSaveToolkit\Services\Implementations\MockSettingsService.cs(68,27): warning CS1998: This async method lacks 'await' operators and will run synchronously. Consider using the 'await' operator to await non-blocking API calls, or 'await Task.Run(...)' to do CPU-bound work on a background thread. [D:\Repos\balatro-save-load\V2\BalatroSaveToolkit\BalatroSaveToolkit.csproj::TargetFramework=net9.0]
D:\Repos\balatro-save-load\V2\BalatroSaveToolkit\ViewModels\LogsViewModel.cs(124,25): warning CS4014: Because this call is not awaited, execution of the current method continues before the call is completed. Consider applying the 'await' operator to the result of the call. [D:\Repos\balatro-save-load\V2\BalatroSaveToolkit\BalatroSaveToolkit.csproj::TargetFramework=net9.0]
D:\Repos\balatro-save-load\V2\BalatroSaveToolkit\Services\Implementations\Windows\WindowsFileService.cs(52,46): error CS0400: The type or namespace name 'Windows' could not be found in the global namespace (are you missing an assembly reference?) [D:\Repos\balatro-save-load\V2\BalatroSaveToolkit\BalatroSaveToolkit.csproj::TargetFramework=net9.0]
D:\Repos\balatro-save-load\V2\BalatroSaveToolkit\Services\Implementations\Windows\WindowsFileService.cs(53,61): error CS0400: The type or namespace name 'Windows' could not be found in the global namespace (are you missing an assembly reference?) [D:\Repos\balatro-save-load\V2\BalatroSaveToolkit\BalatroSaveToolkit.csproj::TargetFramework=net9.0]
D:\Repos\balatro-save-load\V2\BalatroSaveToolkit\Services\Implementations\Windows\WindowsFileService.cs(58,17): error CS0103: The name 'WinRT' does not exist in the current context [D:\Repos\balatro-save-load\V2\BalatroSaveToolkit\BalatroSaveToolkit.csproj::TargetFramework=net9.0]
D:\Repos\balatro-save-load\V2\BalatroSaveToolkit\Services\Implementations\MockSettingsService.cs(73,27): warning CS1998: This async method lacks 'await' operators and will run synchronously. Consider using the 'await' operator to await non-blocking API calls, or 'await Task.Run(...)' to do CPU-bound work on a background thread. [D:\Repos\balatro-save-load\V2\BalatroSaveToolkit\BalatroSaveToolkit.csproj::TargetFramework=net9.0]
D:\Repos\balatro-save-load\V2\BalatroSaveToolkit\Services\Implementations\Windows\WindowsFileService.cs(82,20): error CS0103: The name 'WinRT' does not exist in the current context [D:\Repos\balatro-save-load\V2\BalatroSaveToolkit\BalatroSaveToolkit.csproj::TargetFramework=net9.0]
D:\Repos\balatro-save-load\V2\BalatroSaveToolkit\Services\Implementations\Linux\LinuxPathProvider.cs(89,31): warning CS8600: Converting null literal or possible null value to non-nullable type. [D:\Repos\balatro-save-load\V2\BalatroSaveToolkit\BalatroSaveToolkit.csproj::TargetFramework=net9.0]
D:\Repos\balatro-save-load\V2\BalatroSaveToolkit\Services\Implementations\MockLogService.cs(68,50): warning CS1998: This async method lacks 'await' operators and will run synchronously. Consider using the 'await' operator to await non-blocking API calls, or 'await Task.Run(...)' to do CPU-bound work on a background thread. [D:\Repos\balatro-save-load\V2\BalatroSaveToolkit\BalatroSaveToolkit.csproj::TargetFramework=net9.0]
D:\Repos\balatro-save-load\V2\BalatroSaveToolkit\ViewModels\SaveViewerViewModel.cs(192,68): warning CS8602: Dereference of a possibly null reference. [D:\Repos\balatro-save-load\V2\BalatroSaveToolkit\BalatroSaveToolkit.csproj::TargetFramework=net9.0]
D:\Repos\balatro-save-load\V2\BalatroSaveToolkit\ViewModels\SaveViewerViewModel.cs(196,78): warning CS8602: Dereference of a possibly null reference. [D:\Repos\balatro-save-load\V2\BalatroSaveToolkit\BalatroSaveToolkit.csproj::TargetFramework=net9.0]
D:\Repos\balatro-save-load\V2\BalatroSaveToolkit\Services\Implementations\MockSaveService.cs(87,47): warning CS1998: This async method lacks 'await' operators and will run synchronously. Consider using the 'await' operator to await non-blocking API calls, or 'await Task.Run(...)' to do CPU-bound work on a background thread. [D:\Repos\balatro-save-load\V2\BalatroSaveToolkit\BalatroSaveToolkit.csproj::TargetFramework=net9.0]
D:\Repos\balatro-save-load\V2\BalatroSaveToolkit\Services\Implementations\LogService.cs(119,50): warning CS1998: This async method lacks 'await' operators and will run synchronously. Consider using the 'await' operator to await non-blocking API calls, or 'await Task.Run(...)' to do CPU-bound work on a background thread. [D:\Repos\balatro-save-load\V2\BalatroSaveToolkit\BalatroSaveToolkit.csproj::TargetFramework=net9.0]
D:\Repos\balatro-save-load\V2\BalatroSaveToolkit\Services\Implementations\MockLogService.cs(75,50): warning CS1998: This async method lacks 'await' operators and will run synchronously. Consider using the 'await' operator to await non-blocking API calls, or 'await Task.Run(...)' to do CPU-bound work on a background thread. [D:\Repos\balatro-save-load\V2\BalatroSaveToolkit\BalatroSaveToolkit.csproj::TargetFramework=net9.0]
D:\Repos\balatro-save-load\V2\BalatroSaveToolkit\Services\Implementations\MockLogService.cs(82,33): warning CS1998: This async method lacks 'await' operators and will run synchronously. Consider using the 'await' operator to await non-blocking API calls, or 'await Task.Run(...)' to do CPU-bound work on a background thread. [D:\Repos\balatro-save-load\V2\BalatroSaveToolkit\BalatroSaveToolkit.csproj::TargetFramework=net9.0]
D:\Repos\balatro-save-load\V2\BalatroSaveToolkit\Services\Implementations\BaseFileSystemService.cs(1197,43): warning CS1998: This async method lacks 'await' operators and will run synchronously. Consider using the 'await' operator to await non-blocking API calls, or 'await Task.Run(...)' to do CPU-bound work on a background thread. [D:\Repos\balatro-save-load\V2\BalatroSaveToolkit\BalatroSaveToolkit.csproj::TargetFramework=net9.0]
D:\Repos\balatro-save-load\V2\BalatroSaveToolkit\Services\Implementations\BaseFileSystemService.cs(1204,43): warning CS1998: This async method lacks 'await' operators and will run synchronously. Consider using the 'await' operator to await non-blocking API calls, or 'await Task.Run(...)' to do CPU-bound work on a background thread. [D:\Repos\balatro-save-load\V2\BalatroSaveToolkit\BalatroSaveToolkit.csproj::TargetFramework=net9.0]
D:\Repos\balatro-save-load\V2\BalatroSaveToolkit\Services\Implementations\BaseFileSystemService.cs(1302,43): warning CS1998: This async method lacks 'await' operators and will run synchronously. Consider using the 'await' operator to await non-blocking API calls, or 'await Task.Run(...)' to do CPU-bound work on a background thread. [D:\Repos\balatro-save-load\V2\BalatroSaveToolkit\BalatroSaveToolkit.csproj::TargetFramework=net9.0]
D:\Repos\balatro-save-load\V2\BalatroSaveToolkit\Services\Implementations\BaseFileSystemService.cs(1309,43): warning CS1998: This async method lacks 'await' operators and will run synchronously. Consider using the 'await' operator to await non-blocking API calls, or 'await Task.Run(...)' to do CPU-bound work on a background thread. [D:\Repos\balatro-save-load\V2\BalatroSaveToolkit\BalatroSaveToolkit.csproj::TargetFramework=net9.0]
D:\Repos\balatro-save-load\V2\BalatroSaveToolkit\Services\Implementations\BaseFileSystemService.cs(1316,43): warning CS1998: This async method lacks 'await' operators and will run synchronously. Consider using the 'await' operator to await non-blocking API calls, or 'await Task.Run(...)' to do CPU-bound work on a background thread. [D:\Repos\balatro-save-load\V2\BalatroSaveToolkit\BalatroSaveToolkit.csproj::TargetFramework=net9.0]
D:\Repos\balatro-save-load\V2\BalatroSaveToolkit\Services\Implementations\BaseFileSystemService.cs(1323,45): warning CS1998: This async method lacks 'await' operators and will run synchronously. Consider using the 'await' operator to await non-blocking API calls, or 'await Task.Run(...)' to do CPU-bound work on a background thread. [D:\Repos\balatro-save-load\V2\BalatroSaveToolkit\BalatroSaveToolkit.csproj::TargetFramework=net9.0]
D:\Repos\balatro-save-load\V2\BalatroSaveToolkit\Services\Implementations\BasePathProvider.cs(311,27): warning CA2022: Avoid inexact read with 'System.IO.Stream.ReadAsync(byte[], int, int)' (https://learn.microsoft.com/dotnet/fundamentals/code-analysis/quality-rules/ca2022) [D:\Repos\balatro-save-load\V2\BalatroSaveToolkit\BalatroSaveToolkit.csproj::TargetFramework=net9.0]
D:\Repos\balatro-save-load\V2\BalatroSaveToolkit\Services\Implementations\BaseFileSystemService.cs(797,27): warning CA2022: Avoid inexact read with 'System.IO.Stream.ReadAsync(byte[], int, int)' (https://learn.microsoft.com/dotnet/fundamentals/code-analysis/quality-rules/ca2022) [D:\Repos\balatro-save-load\V2\BalatroSaveToolkit\BalatroSaveToolkit.csproj::TargetFramework=net9.0]
D:\Repos\balatro-save-load\V2\BalatroSaveToolkit\MauiProgram.cs(52,20): warning CA1416: This call site is reachable on all platforms. 'WindowsPathProvider' is only supported on: 'windows'. (https://learn.microsoft.com/dotnet/fundamentals/code-analysis/quality-rules/ca1416) [D:\Repos\balatro-save-load\V2\BalatroSaveToolkit\BalatroSaveToolkit.csproj::TargetFramework=net9.0]
D:\Repos\balatro-save-load\V2\BalatroSaveToolkit\ViewModels\LogsViewModel.cs(117,49): warning CA1416: This call site is reachable on all platforms. 'IFileSaver.SaveAsync(string, Stream, CancellationToken)' is only supported on: 'Android', 'iOS' 14.0 and later, 'maccatalyst' 14.0 and later, 'Tizen', 'Windows'. (https://learn.microsoft.com/dotnet/fundamentals/code-analysis/quality-rules/ca1416) [D:\Repos\balatro-save-load\V2\BalatroSaveToolkit\BalatroSaveToolkit.csproj::TargetFramework=net9.0]

Build FAILED.

D:\Repos\balatro-save-load\V2\BalatroSaveToolkit\Services\Interfaces\IGameProcessService.cs(6,54): warning CS8625: Cannot convert null literal to non-nullable reference type. [D:\Repos\balatro-save-load\V2\BalatroSaveToolkit\BalatroSaveToolkit.csproj::TargetFramework=net9.0]
D:\Repos\balatro-save-load\V2\BalatroSaveToolkit\Services\Implementations\MockGameProcessService.cs(25,61): warning CS8625: Cannot convert null literal to non-nullable reference type. [D:\Repos\balatro-save-load\V2\BalatroSaveToolkit\BalatroSaveToolkit.csproj::TargetFramework=net9.0]
D:\Repos\balatro-save-load\V2\BalatroSaveToolkit\ViewModels\SaveViewerViewModel.cs(76,22): warning CS8611: Nullability of reference types in type of parameter 'value' doesn't match partial method declaration. [D:\Repos\balatro-save-load\V2\BalatroSaveToolkit\BalatroSaveToolkit.csproj::TargetFramework=net9.0]
D:\Repos\balatro-save-load\V2\BalatroSaveToolkit\ViewModels\SettingsViewModel.cs(55,16): warning CS8618: Non-nullable field '_gamePath' must contain a non-null value when exiting constructor. Consider adding the 'required' modifier or declaring the field as nullable. [D:\Repos\balatro-save-load\V2\BalatroSaveToolkit\BalatroSaveToolkit.csproj::TargetFramework=net9.0]
D:\Repos\balatro-save-load\V2\BalatroSaveToolkit\ViewModels\SettingsViewModel.cs(55,16): warning CS8618: Non-nullable field '_savesPath' must contain a non-null value when exiting constructor. Consider adding the 'required' modifier or declaring the field as nullable. [D:\Repos\balatro-save-load\V2\BalatroSaveToolkit\BalatroSaveToolkit.csproj::TargetFramework=net9.0]
D:\Repos\balatro-save-load\V2\BalatroSaveToolkit\ViewModels\SettingsViewModel.cs(55,16): warning CS8618: Non-nullable field '_backupPath' must contain a non-null value when exiting constructor. Consider adding the 'required' modifier or declaring the field as nullable. [D:\Repos\balatro-save-load\V2\BalatroSaveToolkit\BalatroSaveToolkit.csproj::TargetFramework=net9.0]
D:\Repos\balatro-save-load\V2\BalatroSaveToolkit\ViewModels\SettingsViewModel.cs(55,16): warning CS8618: Non-nullable field '_selectedLogLevel' must contain a non-null value when exiting constructor. Consider adding the 'required' modifier or declaring the field as nullable. [D:\Repos\balatro-save-load\V2\BalatroSaveToolkit\BalatroSaveToolkit.csproj::TargetFramework=net9.0]
D:\Repos\balatro-save-load\V2\BalatroSaveToolkit\Views\LogsPage.xaml.cs(19,17): warning CS4014: Because this call is not awaited, execution of the current method continues before the call is completed. Consider applying the 'await' operator to the result of the call. [D:\Repos\balatro-save-load\V2\BalatroSaveToolkit\BalatroSaveToolkit.csproj::TargetFramework=net9.0]
D:\Repos\balatro-save-load\V2\BalatroSaveToolkit\Services\Implementations\AppExceptionHandler.cs(30,54): warning CS8622: Nullability of reference types in type of parameter 'sender' of 'void AppExceptionHandler.OnUnobservedTaskException(object sender, UnobservedTaskExceptionEventArgs e)' doesn't match the target delegate 'EventHandler<UnobservedTaskExceptionEventArgs>' (possibly because of nullability attributes). [D:\Repos\balatro-save-load\V2\BalatroSaveToolkit\BalatroSaveToolkit.csproj::TargetFramework=net9.0]
D:\Repos\balatro-save-load\V2\BalatroSaveToolkit\Services\Implementations\BasePathProvider.cs(49,43): warning CS1998: This async method lacks 'await' operators and will run synchronously. Consider using the 'await' operator to await non-blocking API calls, or 'await Task.Run(...)' to do CPU-bound work on a background thread. [D:\Repos\balatro-save-load\V2\BalatroSaveToolkit\BalatroSaveToolkit.csproj::TargetFramework=net9.0]
D:\Repos\balatro-save-load\V2\BalatroSaveToolkit\Services\Implementations\MockGameProcessService.cs(11,16): warning CS8618: Non-nullable event 'GameStatusChanged' must contain a non-null value when exiting constructor. Consider adding the 'required' modifier or declaring the event as nullable. [D:\Repos\balatro-save-load\V2\BalatroSaveToolkit\BalatroSaveToolkit.csproj::TargetFramework=net9.0]
D:\Repos\balatro-save-load\V2\BalatroSaveToolkit\Services\Implementations\Windows\WindowsPathProvider.cs(58,31): warning CS8600: Converting null literal or possible null value to non-nullable type. [D:\Repos\balatro-save-load\V2\BalatroSaveToolkit\BalatroSaveToolkit.csproj::TargetFramework=net9.0]
D:\Repos\balatro-save-load\V2\BalatroSaveToolkit\ViewModels\LogsViewModel.cs(93,13): warning CS4014: Because this call is not awaited, execution of the current method continues before the call is completed. Consider applying the 'await' operator to the result of the call. [D:\Repos\balatro-save-load\V2\BalatroSaveToolkit\BalatroSaveToolkit.csproj::TargetFramework=net9.0]
D:\Repos\balatro-save-load\V2\BalatroSaveToolkit\Services\Implementations\MockSettingsService.cs(29,40): warning CS1998: This async method lacks 'await' operators and will run synchronously. Consider using the 'await' operator to await non-blocking API calls, or 'await Task.Run(...)' to do CPU-bound work on a background thread. [D:\Repos\balatro-save-load\V2\BalatroSaveToolkit\BalatroSaveToolkit.csproj::TargetFramework=net9.0]
D:\Repos\balatro-save-load\V2\BalatroSaveToolkit\Services\Implementations\MacCatalyst\MacPathProvider.cs(66,31): warning CS8600: Converting null literal or possible null value to non-nullable type. [D:\Repos\balatro-save-load\V2\BalatroSaveToolkit\BalatroSaveToolkit.csproj::TargetFramework=net9.0]
D:\Repos\balatro-save-load\V2\BalatroSaveToolkit\Services\Implementations\MockSaveService.cs(39,35): warning CS1998: This async method lacks 'await' operators and will run synchronously. Consider using the 'await' operator to await non-blocking API calls, or 'await Task.Run(...)' to do CPU-bound work on a background thread. [D:\Repos\balatro-save-load\V2\BalatroSaveToolkit\BalatroSaveToolkit.csproj::TargetFramework=net9.0]
D:\Repos\balatro-save-load\V2\BalatroSaveToolkit\Services\Implementations\MockSaveService.cs(44,47): warning CS1998: This async method lacks 'await' operators and will run synchronously. Consider using the 'await' operator to await non-blocking API calls, or 'await Task.Run(...)' to do CPU-bound work on a background thread. [D:\Repos\balatro-save-load\V2\BalatroSaveToolkit\BalatroSaveToolkit.csproj::TargetFramework=net9.0]
D:\Repos\balatro-save-load\V2\BalatroSaveToolkit\Services\Implementations\MockSettingsService.cs(34,35): warning CS1998: This async method lacks 'await' operators and will run synchronously. Consider using the 'await' operator to await non-blocking API calls, or 'await Task.Run(...)' to do CPU-bound work on a background thread. [D:\Repos\balatro-save-load\V2\BalatroSaveToolkit\BalatroSaveToolkit.csproj::TargetFramework=net9.0]
D:\Repos\balatro-save-load\V2\BalatroSaveToolkit\ViewModels\SaveViewerViewModel.cs(116,28): warning CS1998: This async method lacks 'await' operators and will run synchronously. Consider using the 'await' operator to await non-blocking API calls, or 'await Task.Run(...)' to do CPU-bound work on a background thread. [D:\Repos\balatro-save-load\V2\BalatroSaveToolkit\BalatroSaveToolkit.csproj::TargetFramework=net9.0]
D:\Repos\balatro-save-load\V2\BalatroSaveToolkit\Services\Implementations\MockSettingsService.cs(51,27): warning CS1998: This async method lacks 'await' operators and will run synchronously. Consider using the 'await' operator to await non-blocking API calls, or 'await Task.Run(...)' to do CPU-bound work on a background thread. [D:\Repos\balatro-save-load\V2\BalatroSaveToolkit\BalatroSaveToolkit.csproj::TargetFramework=net9.0]
D:\Repos\balatro-save-load\V2\BalatroSaveToolkit\Services\Implementations\MockSettingsService.cs(68,27): warning CS1998: This async method lacks 'await' operators and will run synchronously. Consider using the 'await' operator to await non-blocking API calls, or 'await Task.Run(...)' to do CPU-bound work on a background thread. [D:\Repos\balatro-save-load\V2\BalatroSaveToolkit\BalatroSaveToolkit.csproj::TargetFramework=net9.0]
D:\Repos\balatro-save-load\V2\BalatroSaveToolkit\ViewModels\LogsViewModel.cs(124,25): warning CS4014: Because this call is not awaited, execution of the current method continues before the call is completed. Consider applying the 'await' operator to the result of the call. [D:\Repos\balatro-save-load\V2\BalatroSaveToolkit\BalatroSaveToolkit.csproj::TargetFramework=net9.0]
D:\Repos\balatro-save-load\V2\BalatroSaveToolkit\Services\Implementations\MockSettingsService.cs(73,27): warning CS1998: This async method lacks 'await' operators and will run synchronously. Consider using the 'await' operator to await non-blocking API calls, or 'await Task.Run(...)' to do CPU-bound work on a background thread. [D:\Repos\balatro-save-load\V2\BalatroSaveToolkit\BalatroSaveToolkit.csproj::TargetFramework=net9.0]
D:\Repos\balatro-save-load\V2\BalatroSaveToolkit\Services\Implementations\Linux\LinuxPathProvider.cs(89,31): warning CS8600: Converting null literal or possible null value to non-nullable type. [D:\Repos\balatro-save-load\V2\BalatroSaveToolkit\BalatroSaveToolkit.csproj::TargetFramework=net9.0]
D:\Repos\balatro-save-load\V2\BalatroSaveToolkit\Services\Implementations\MockLogService.cs(68,50): warning CS1998: This async method lacks 'await' operators and will run synchronously. Consider using the 'await' operator to await non-blocking API calls, or 'await Task.Run(...)' to do CPU-bound work on a background thread. [D:\Repos\balatro-save-load\V2\BalatroSaveToolkit\BalatroSaveToolkit.csproj::TargetFramework=net9.0]
D:\Repos\balatro-save-load\V2\BalatroSaveToolkit\ViewModels\SaveViewerViewModel.cs(192,68): warning CS8602: Dereference of a possibly null reference. [D:\Repos\balatro-save-load\V2\BalatroSaveToolkit\BalatroSaveToolkit.csproj::TargetFramework=net9.0]
D:\Repos\balatro-save-load\V2\BalatroSaveToolkit\ViewModels\SaveViewerViewModel.cs(196,78): warning CS8602: Dereference of a possibly null reference. [D:\Repos\balatro-save-load\V2\BalatroSaveToolkit\BalatroSaveToolkit.csproj::TargetFramework=net9.0]
D:\Repos\balatro-save-load\V2\BalatroSaveToolkit\Services\Implementations\MockSaveService.cs(87,47): warning CS1998: This async method lacks 'await' operators and will run synchronously. Consider using the 'await' operator to await non-blocking API calls, or 'await Task.Run(...)' to do CPU-bound work on a background thread. [D:\Repos\balatro-save-load\V2\BalatroSaveToolkit\BalatroSaveToolkit.csproj::TargetFramework=net9.0]
D:\Repos\balatro-save-load\V2\BalatroSaveToolkit\Services\Implementations\LogService.cs(119,50): warning CS1998: This async method lacks 'await' operators and will run synchronously. Consider using the 'await' operator to await non-blocking API calls, or 'await Task.Run(...)' to do CPU-bound work on a background thread. [D:\Repos\balatro-save-load\V2\BalatroSaveToolkit\BalatroSaveToolkit.csproj::TargetFramework=net9.0]
D:\Repos\balatro-save-load\V2\BalatroSaveToolkit\Services\Implementations\MockLogService.cs(75,50): warning CS1998: This async method lacks 'await' operators and will run synchronously. Consider using the 'await' operator to await non-blocking API calls, or 'await Task.Run(...)' to do CPU-bound work on a background thread. [D:\Repos\balatro-save-load\V2\BalatroSaveToolkit\BalatroSaveToolkit.csproj::TargetFramework=net9.0]
D:\Repos\balatro-save-load\V2\BalatroSaveToolkit\Services\Implementations\MockLogService.cs(82,33): warning CS1998: This async method lacks 'await' operators and will run synchronously. Consider using the 'await' operator to await non-blocking API calls, or 'await Task.Run(...)' to do CPU-bound work on a background thread. [D:\Repos\balatro-save-load\V2\BalatroSaveToolkit\BalatroSaveToolkit.csproj::TargetFramework=net9.0]
D:\Repos\balatro-save-load\V2\BalatroSaveToolkit\Services\Implementations\BaseFileSystemService.cs(1197,43): warning CS1998: This async method lacks 'await' operators and will run synchronously. Consider using the 'await' operator to await non-blocking API calls, or 'await Task.Run(...)' to do CPU-bound work on a background thread. [D:\Repos\balatro-save-load\V2\BalatroSaveToolkit\BalatroSaveToolkit.csproj::TargetFramework=net9.0]
D:\Repos\balatro-save-load\V2\BalatroSaveToolkit\Services\Implementations\BaseFileSystemService.cs(1204,43): warning CS1998: This async method lacks 'await' operators and will run synchronously. Consider using the 'await' operator to await non-blocking API calls, or 'await Task.Run(...)' to do CPU-bound work on a background thread. [D:\Repos\balatro-save-load\V2\BalatroSaveToolkit\BalatroSaveToolkit.csproj::TargetFramework=net9.0]
D:\Repos\balatro-save-load\V2\BalatroSaveToolkit\Services\Implementations\BaseFileSystemService.cs(1302,43): warning CS1998: This async method lacks 'await' operators and will run synchronously. Consider using the 'await' operator to await non-blocking API calls, or 'await Task.Run(...)' to do CPU-bound work on a background thread. [D:\Repos\balatro-save-load\V2\BalatroSaveToolkit\BalatroSaveToolkit.csproj::TargetFramework=net9.0]
D:\Repos\balatro-save-load\V2\BalatroSaveToolkit\Services\Implementations\BaseFileSystemService.cs(1309,43): warning CS1998: This async method lacks 'await' operators and will run synchronously. Consider using the 'await' operator to await non-blocking API calls, or 'await Task.Run(...)' to do CPU-bound work on a background thread. [D:\Repos\balatro-save-load\V2\BalatroSaveToolkit\BalatroSaveToolkit.csproj::TargetFramework=net9.0]
D:\Repos\balatro-save-load\V2\BalatroSaveToolkit\Services\Implementations\BaseFileSystemService.cs(1316,43): warning CS1998: This async method lacks 'await' operators and will run synchronously. Consider using the 'await' operator to await non-blocking API calls, or 'await Task.Run(...)' to do CPU-bound work on a background thread. [D:\Repos\balatro-save-load\V2\BalatroSaveToolkit\BalatroSaveToolkit.csproj::TargetFramework=net9.0]
D:\Repos\balatro-save-load\V2\BalatroSaveToolkit\Services\Implementations\BaseFileSystemService.cs(1323,45): warning CS1998: This async method lacks 'await' operators and will run synchronously. Consider using the 'await' operator to await non-blocking API calls, or 'await Task.Run(...)' to do CPU-bound work on a background thread. [D:\Repos\balatro-save-load\V2\BalatroSaveToolkit\BalatroSaveToolkit.csproj::TargetFramework=net9.0]
D:\Repos\balatro-save-load\V2\BalatroSaveToolkit\Services\Implementations\BasePathProvider.cs(311,27): warning CA2022: Avoid inexact read with 'System.IO.Stream.ReadAsync(byte[], int, int)' (https://learn.microsoft.com/dotnet/fundamentals/code-analysis/quality-rules/ca2022) [D:\Repos\balatro-save-load\V2\BalatroSaveToolkit\BalatroSaveToolkit.csproj::TargetFramework=net9.0]
D:\Repos\balatro-save-load\V2\BalatroSaveToolkit\Services\Implementations\BaseFileSystemService.cs(797,27): warning CA2022: Avoid inexact read with 'System.IO.Stream.ReadAsync(byte[], int, int)' (https://learn.microsoft.com/dotnet/fundamentals/code-analysis/quality-rules/ca2022) [D:\Repos\balatro-save-load\V2\BalatroSaveToolkit\BalatroSaveToolkit.csproj::TargetFramework=net9.0]
D:\Repos\balatro-save-load\V2\BalatroSaveToolkit\MauiProgram.cs(52,20): warning CA1416: This call site is reachable on all platforms. 'WindowsPathProvider' is only supported on: 'windows'. (https://learn.microsoft.com/dotnet/fundamentals/code-analysis/quality-rules/ca1416) [D:\Repos\balatro-save-load\V2\BalatroSaveToolkit\BalatroSaveToolkit.csproj::TargetFramework=net9.0]
D:\Repos\balatro-save-load\V2\BalatroSaveToolkit\ViewModels\LogsViewModel.cs(117,49): warning CA1416: This call site is reachable on all platforms. 'IFileSaver.SaveAsync(string, Stream, CancellationToken)' is only supported on: 'Android', 'iOS' 14.0 and later, 'maccatalyst' 14.0 and later, 'Tizen', 'Windows'. (https://learn.microsoft.com/dotnet/fundamentals/code-analysis/quality-rules/ca1416) [D:\Repos\balatro-save-load\V2\BalatroSaveToolkit\BalatroSaveToolkit.csproj::TargetFramework=net9.0]
CSC : error CS5001: Program does not contain a static 'Main' method suitable for an entry point [D:\Repos\balatro-save-load\V2\BalatroSaveToolkit\BalatroSaveToolkit.csproj::TargetFramework=net9.0]
D:\Repos\balatro-save-load\V2\BalatroSaveToolkit\Services\Implementations\AppExceptionHandler.cs(24,33): error CS1061: 'Application' does not contain a definition for 'UnhandledException' and no accessible extension method 'UnhandledException' accepting a first argument of type 'Application' could be found (are you missing a using directive or an assembly reference?) [D:\Repos\balatro-save-load\V2\BalatroSaveToolkit\BalatroSaveToolkit.csproj::TargetFramework=net9.0]
D:\Repos\balatro-save-load\V2\BalatroSaveToolkit\Services\Implementations\Windows\WindowsFileService.cs(26,48): error CS0400: The type or namespace name 'Windows' could not be found in the global namespace (are you missing an assembly reference?) [D:\Repos\balatro-save-load\V2\BalatroSaveToolkit\BalatroSaveToolkit.csproj::TargetFramework=net9.0]
D:\Repos\balatro-save-load\V2\BalatroSaveToolkit\Services\Implementations\Windows\WindowsFileService.cs(27,63): error CS0400: The type or namespace name 'Windows' could not be found in the global namespace (are you missing an assembly reference?) [D:\Repos\balatro-save-load\V2\BalatroSaveToolkit\BalatroSaveToolkit.csproj::TargetFramework=net9.0]
D:\Repos\balatro-save-load\V2\BalatroSaveToolkit\Services\Implementations\Windows\WindowsFileService.cs(29,49): error CS0400: The type or namespace name 'Windows' could not be found in the global namespace (are you missing an assembly reference?) [D:\Repos\balatro-save-load\V2\BalatroSaveToolkit\BalatroSaveToolkit.csproj::TargetFramework=net9.0]
D:\Repos\balatro-save-load\V2\BalatroSaveToolkit\Services\Implementations\Windows\WindowsFileService.cs(33,17): error CS0103: The name 'WinRT' does not exist in the current context [D:\Repos\balatro-save-load\V2\BalatroSaveToolkit\BalatroSaveToolkit.csproj::TargetFramework=net9.0]
D:\Repos\balatro-save-load\V2\BalatroSaveToolkit\Services\Implementations\Windows\WindowsFileService.cs(52,46): error CS0400: The type or namespace name 'Windows' could not be found in the global namespace (are you missing an assembly reference?) [D:\Repos\balatro-save-load\V2\BalatroSaveToolkit\BalatroSaveToolkit.csproj::TargetFramework=net9.0]
D:\Repos\balatro-save-load\V2\BalatroSaveToolkit\Services\Implementations\Windows\WindowsFileService.cs(53,61): error CS0400: The type or namespace name 'Windows' could not be found in the global namespace (are you missing an assembly reference?) [D:\Repos\balatro-save-load\V2\BalatroSaveToolkit\BalatroSaveToolkit.csproj::TargetFramework=net9.0]
D:\Repos\balatro-save-load\V2\BalatroSaveToolkit\Services\Implementations\Windows\WindowsFileService.cs(58,17): error CS0103: The name 'WinRT' does not exist in the current context [D:\Repos\balatro-save-load\V2\BalatroSaveToolkit\BalatroSaveToolkit.csproj::TargetFramework=net9.0]
D:\Repos\balatro-save-load\V2\BalatroSaveToolkit\Services\Implementations\Windows\WindowsFileService.cs(82,20): error CS0103: The name 'WinRT' does not exist in the current context [D:\Repos\balatro-save-load\V2\BalatroSaveToolkit\BalatroSaveToolkit.csproj::TargetFramework=net9.0]
    41 Warning(s)
    10 Error(s)

Time Elapsed 00:00:02.45
